// Vitest Snapshot v1, https://vitest.dev/guide/snapshot.html

exports[`monorepo template > synthetize a monorepo template 1`] = `
"/
├─ .gitignore
├─ .mise.toml
├─ .npmrc
├─ .qdk/
│  ├─ meta.json
│  └─ tree.txt
├─ apps/
│  ├─ my-app/
│  │  ├─ .qdk/
│  │  │  ├─ meta.json
│  │  │  └─ tree.txt
│  │  ├─ android/
│  │  │  ├─ app/
│  │  │  │  └─ build.gradle
│  │  │  └─ settings.gradle
│  │  ├─ metro.config.js
│  │  └─ package.json
│  └─ some-other-app/
│     ├─ .qdk/
│     │  ├─ meta.json
│     │  └─ tree.txt
│     ├─ android/
│     │  ├─ app/
│     │  │  └─ build.gradle
│     │  └─ settings.gradle
│     ├─ metro.config.js
│     └─ package.json
├─ package.json
├─ packages/
│  ├─ my-lib-a/
│  │  ├─ .qdk/
│  │  │  ├─ meta.json
│  │  │  └─ tree.txt
│  │  └─ package.json
│  ├─ my-lib-b/
│  │  ├─ .qdk/
│  │  │  ├─ meta.json
│  │  │  └─ tree.txt
│  │  ├─ package.json
│  │  └─ tsconfig.json
│  └─ my-lib-c/
│     ├─ .qdk/
│     │  ├─ meta.json
│     │  └─ tree.txt
│     ├─ package.json
│     └─ tsconfig.json
├─ pnpm-workspace.yaml
└─ shared/
   └─ tsconfig/
      ├─ .qdk/
      │  ├─ meta.json
      │  └─ tree.txt
      ├─ node.json
      ├─ package.json
      └─ react-native.json"
`;

exports[`monorepo template > synthetize a monorepo template 2`] = `
{
  "/.gitignore": "
### Node ###
# Logs
logs
*.log
npm-debug.log*
yarn-debug.log*
yarn-error.log*
lerna-debug.log*
.pnpm-debug.log*

# Diagnostic reports (https://nodejs.org/api/report.html)
report.[0-9]*.[0-9]*.[0-9]*.[0-9]*.json

# Runtime data
pids
*.pid
*.seed
*.pid.lock

# Directory for instrumented libs generated by jscoverage/JSCover
lib-cov

# Coverage directory used by tools like istanbul
coverage
*.lcov

# nyc test coverage
.nyc_output

# node-waf configuration
.lock-wscript

# Compiled binary addons (https://nodejs.org/api/addons.html)
build/Release

# Dependency directories
node_modules/
jspm_packages/

# Snowpack dependency directory (https://snowpack.dev/)
web_modules/

# TypeScript cache
*.tsbuildinfo

# Optional npm cache directory
.npm

# Optional eslint cache
.eslintcache

# Optional stylelint cache
.stylelintcache

# Microbundle cache
.rpt2_cache/
.rts2_cache_cjs/
.rts2_cache_es/
.rts2_cache_umd/

# Optional REPL history
.node_repl_history

# Output of 'npm pack'
*.tgz

# Yarn Integrity file
.yarn-integrity

# dotenv environment variable files
.env
.env.development.local
.env.test.local
.env.production.local
.env.local

# parcel-bundler cache (https://parceljs.org/)
.cache
.parcel-cache

# Next.js build output
.next
out

# Nuxt.js build / generate output
.nuxt
dist

# Gatsby files
.cache/
# Comment in the public line in if your project uses Gatsby and not Next.js
# https://nextjs.org/blog/next-9-1#public-directory-support
# public

# vuepress build output
.vuepress/dist

# vuepress v2.x temp and cache directory
.temp

# Docusaurus cache and generated files
.docusaurus

# Serverless directories
.serverless/

# FuseBox cache
.fusebox/

# DynamoDB Local files
.dynamodb/

# TernJS port file
.tern-port

# Stores VSCode versions used for testing VSCode extensions
.vscode-test

# yarn v2
.yarn/cache
.yarn/unplugged
.yarn/build-state.yml
.yarn/install-state.gz
.pnp.*

### Node Patch ###
# Serverless Webpack directories
.webpack/

# Optional stylelint cache

# SvelteKit build / generate output
.svelte-kit
",
  "/.mise.toml": "[tools]
java = "zulu-17"
node = "20.18.0"",
  "/.npmrc": "node-linker=hoisted
",
  "/.qdk/meta.json": "{
  "project": "@repo/root",
  "custom": {},
  "files": [
    "./.gitignore",
    "./.mise.toml",
    "./.npmrc",
    "./.qdk/meta.json",
    "./.qdk/tree.txt",
    "./package.json",
    "./pnpm-workspace.yaml"
  ],
  "subprojects": [
    "apps/my-app",
    "apps/some-other-app",
    "packages/my-lib-a",
    "packages/my-lib-b",
    "packages/my-lib-c",
    "shared/tsconfig"
  ]
}
",
  "/.qdk/tree.txt": "·
└── MonorepoProject(@repo/root)
    ├── Gitignore
    │   └── TextFile(.gitignore)
    ├── JsonFile(.qdk/meta.json)
    ├── PnpmPackageManager(^9.12.0)
    │   └── PnpmWorkspace
    │       └── YamlFile(pnpm-workspace.yaml)
    ├── PackageJson
    │   └── JsonFile(package.json)
    ├── IniFile(.npmrc)
    ├── TomlFile(.mise.toml)
    ├── ReactNativeAppProject(@repo/my-app)
    │   ├── JsonFile(.qdk/meta.json)
    │   ├── PnpmPackageManager(^9.12.0)
    │   ├── PackageJson
    │   │   └── JsonFile(package.json)
    │   └── TextFile(.qdk/tree.txt)
    ├── ReactNativeAppProject(@repo/some-other-app)
    │   ├── JsonFile(.qdk/meta.json)
    │   ├── PnpmPackageManager(^9.12.0)
    │   ├── PackageJson
    │   │   └── JsonFile(package.json)
    │   └── TextFile(.qdk/tree.txt)
    ├── NodeProject(@repo/my-lib-a)
    │   ├── JsonFile(.qdk/meta.json)
    │   ├── PnpmPackageManager(^9.12.0)
    │   ├── PackageJson
    │   │   └── JsonFile(package.json)
    │   └── TextFile(.qdk/tree.txt)
    ├── TsProject(@repo/my-lib-b)
    │   ├── JsonFile(.qdk/meta.json)
    │   ├── PnpmPackageManager(^9.12.0)
    │   ├── PackageJson
    │   │   └── JsonFile(package.json)
    │   ├── Typescript(^5.6.2)
    │   │   └── TsConfig
    │   │       └── TsConfigJsonFile(tsconfig.json)
    │   └── TextFile(.qdk/tree.txt)
    ├── TsProject(@repo/my-lib-c)
    │   ├── JsonFile(.qdk/meta.json)
    │   ├── PnpmPackageManager(^9.12.0)
    │   ├── PackageJson
    │   │   └── JsonFile(package.json)
    │   ├── Typescript(^5.6.2)
    │   │   └── TsConfig
    │   │       └── TsConfigJsonFile(tsconfig.json)
    │   └── TextFile(.qdk/tree.txt)
    └── NodeProject(@repo/tsconfig)
        ├── JsonFile(.qdk/meta.json)
        ├── PnpmPackageManager(^9.12.0)
        ├── PackageJson
        │   └── JsonFile(package.json)
        ├── TsConfig
        │   └── TsConfigJsonFile(node.json)
        ├── TsConfig
        │   └── TsConfigJsonFile(react-native.json)
        └── TextFile(.qdk/tree.txt)",
  "/apps/my-app/.qdk/meta.json": "{
  "project": "@repo/my-app",
  "custom": {},
  "files": ["./.qdk/meta.json", "./.qdk/tree.txt", "./package.json"],
  "subprojects": []
}
",
  "/apps/my-app/.qdk/tree.txt": "·
└── ReactNativeAppProject(@repo/my-app)
    ├── JsonFile(.qdk/meta.json)
    ├── PnpmPackageManager(^9.12.0)
    └── PackageJson
        └── JsonFile(package.json)",
  "/apps/my-app/android/app/build.gradle": "react {
    /* Folders */
    //   The root of your project, i.e. where "package.json" lives. Default is '../..'
    // root = file("../../")
    //   The folder where the react-native NPM package is. Default is ../../node_modules/react-native
    reactNativeDir = file("../../../../node_modules/react-native")
    //   The folder where the react-native Codegen package is. Default is ../../node_modules/@react-native/codegen
    codegenDir = file("../../../../node_modules/@react-native/codegen")
    //   The cli.js file which is the React Native CLI entrypoint. Default is ../../node_modules/react-native/cli.js
    cliFile = file("../../../../node_modules/react-native/cli.js")
}",
  "/apps/my-app/android/settings.gradle": "pluginManagement { includeBuild("../../../node_modules/@react-native/gradle-plugin") }
plugins { id("com.facebook.react.settings") }
extensions.configure(com.facebook.react.ReactSettingsExtension){ ex -> ex.autolinkLibrariesFromCommand() }
rootProject.name = 'com.example.app'
include ':app'
includeBuild('../../../node_modules/@react-native/gradle-plugin')",
  "/apps/my-app/metro.config.js": "const {getDefaultConfig} = require('@react-native/metro-config');
      const path = require('node:path');
      
      // Find the project and workspace directories
      const projectRoot = __dirname;
      const monorepoRoot = path.resolve(projectRoot, '../..');
      
      const config = getDefaultConfig(projectRoot);
      
      // 1. Watch all files within the monorepo
      config.watchFolders = [monorepoRoot];
      // 2. Let Metro know where to resolve packages and in what order
      config.resolver.nodeModulesPaths = [
        path.resolve(projectRoot, 'node_modules'),
        path.resolve(monorepoRoot, 'node_modules'),
      ];
      
      module.exports = config;",
  "/apps/my-app/package.json": "{
  "name": "@repo/my-app",
  "version": "0.1.0",
  "private": true,
  "license": "MIT",
  "author": {
    "name": "Gabriel Moreira"
  },
  "type": "commonjs",
  "scripts": {
    "android": "react-native run-android",
    "ios": "react-native run-ios",
    "lint": "eslint .",
    "start": "react-native start",
    "test": "jest"
  },
  "dependencies": {
    "react": "18.3.1",
    "react-native": "0.75.4"
  },
  "devDependencies": {
    "@babel/core": "^7.20.0",
    "@babel/preset-env": "^7.20.0",
    "@babel/runtime": "^7.20.0",
    "@react-native/babel-preset": "0.75.4",
    "@react-native/eslint-config": "0.75.4",
    "@react-native/metro-config": "0.75.4",
    "@react-native/typescript-config": "0.75.4",
    "@types/react": "^18.2.6",
    "@types/react-test-renderer": "^18.0.0",
    "babel-jest": "^29.6.3",
    "eslint": "^8.19.0",
    "jest": "^29.6.3",
    "prettier": "2.8.8",
    "react-test-renderer": "18.3.1",
    "typescript": "5.0.4"
  },
  "engine": {
    "pnpm": "^9.12.0"
  },
  "readme": "ERROR: No README data found!",
  "_id": "@repo/my-app@0.1.0"
}
",
  "/apps/some-other-app/.qdk/meta.json": "{
  "project": "@repo/some-other-app",
  "custom": {},
  "files": ["./.qdk/meta.json", "./.qdk/tree.txt", "./package.json"],
  "subprojects": []
}
",
  "/apps/some-other-app/.qdk/tree.txt": "·
└── ReactNativeAppProject(@repo/some-other-app)
    ├── JsonFile(.qdk/meta.json)
    ├── PnpmPackageManager(^9.12.0)
    └── PackageJson
        └── JsonFile(package.json)",
  "/apps/some-other-app/android/app/build.gradle": "react {
    /* Folders */
    //   The root of your project, i.e. where "package.json" lives. Default is '../..'
    // root = file("../../")
    //   The folder where the react-native NPM package is. Default is ../../node_modules/react-native
    reactNativeDir = file("../../../../node_modules/react-native")
    //   The folder where the react-native Codegen package is. Default is ../../node_modules/@react-native/codegen
    codegenDir = file("../../../../node_modules/@react-native/codegen")
    //   The cli.js file which is the React Native CLI entrypoint. Default is ../../node_modules/react-native/cli.js
    cliFile = file("../../../../node_modules/react-native/cli.js")
}",
  "/apps/some-other-app/android/settings.gradle": "pluginManagement { includeBuild("../../../node_modules/@react-native/gradle-plugin") }
plugins { id("com.facebook.react.settings") }
extensions.configure(com.facebook.react.ReactSettingsExtension){ ex -> ex.autolinkLibrariesFromCommand() }
rootProject.name = 'com.example.app'
include ':app'
includeBuild('../../../node_modules/@react-native/gradle-plugin')",
  "/apps/some-other-app/metro.config.js": "const {getDefaultConfig} = require('@react-native/metro-config');
      const path = require('node:path');
      
      // Find the project and workspace directories
      const projectRoot = __dirname;
      const monorepoRoot = path.resolve(projectRoot, '../..');
      
      const config = getDefaultConfig(projectRoot);
      
      // 1. Watch all files within the monorepo
      config.watchFolders = [monorepoRoot];
      // 2. Let Metro know where to resolve packages and in what order
      config.resolver.nodeModulesPaths = [
        path.resolve(projectRoot, 'node_modules'),
        path.resolve(monorepoRoot, 'node_modules'),
      ];
      
      module.exports = config;",
  "/apps/some-other-app/package.json": "{
  "name": "@repo/some-other-app",
  "version": "0.1.0",
  "private": true,
  "license": "MIT",
  "author": {
    "name": "Gabriel Moreira"
  },
  "type": "commonjs",
  "scripts": {
    "android": "react-native run-android",
    "ios": "react-native run-ios",
    "lint": "eslint .",
    "start": "react-native start",
    "test": "jest"
  },
  "dependencies": {
    "react": "18.3.1",
    "react-native": "0.75.4"
  },
  "devDependencies": {
    "@babel/core": "^7.20.0",
    "@babel/preset-env": "^7.20.0",
    "@babel/runtime": "^7.20.0",
    "@react-native/babel-preset": "0.75.4",
    "@react-native/eslint-config": "0.75.4",
    "@react-native/metro-config": "0.75.4",
    "@react-native/typescript-config": "0.75.4",
    "@types/react": "^18.2.6",
    "@types/react-test-renderer": "^18.0.0",
    "babel-jest": "^29.6.3",
    "eslint": "^8.19.0",
    "jest": "^29.6.3",
    "prettier": "2.8.8",
    "react-test-renderer": "18.3.1",
    "typescript": "5.0.4"
  },
  "engine": {
    "pnpm": "^9.12.0"
  },
  "readme": "ERROR: No README data found!",
  "_id": "@repo/some-other-app@0.1.0"
}
",
  "/package.json": "{
  "name": "@repo/root",
  "version": "0.1.0",
  "private": true,
  "description": "Sample QDK Project",
  "license": "MIT",
  "author": {
    "name": "Gabriel Moreira"
  },
  "type": "module",
  "scripts": {
    "qdk": "qdk synth",
    "qdk:check": "qdk synth --check"
  },
  "devDependencies": {
    "qdk": "9.9.9-mock-latest"
  },
  "engine": {
    "pnpm": "^9.12.0"
  },
  "readme": "ERROR: No README data found!",
  "_id": "@repo/root@0.1.0"
}
",
  "/packages/my-lib-a/.qdk/meta.json": "{
  "project": "@repo/my-lib-a",
  "custom": {},
  "files": ["./.qdk/meta.json", "./.qdk/tree.txt", "./package.json"],
  "subprojects": []
}
",
  "/packages/my-lib-a/.qdk/tree.txt": "·
└── NodeProject(@repo/my-lib-a)
    ├── JsonFile(.qdk/meta.json)
    ├── PnpmPackageManager(^9.12.0)
    └── PackageJson
        └── JsonFile(package.json)",
  "/packages/my-lib-a/package.json": "{
  "name": "@repo/my-lib-a",
  "version": "0.1.0",
  "private": true,
  "license": "MIT",
  "author": {
    "name": "Gabriel Moreira"
  },
  "type": "module",
  "scripts": {},
  "engine": {
    "pnpm": "^9.12.0"
  },
  "readme": "ERROR: No README data found!",
  "_id": "@repo/my-lib-a@0.1.0"
}
",
  "/packages/my-lib-b/.qdk/meta.json": "{
  "project": "@repo/my-lib-b",
  "custom": {},
  "files": [
    "./.qdk/meta.json",
    "./.qdk/tree.txt",
    "./package.json",
    "./tsconfig.json"
  ],
  "subprojects": []
}
",
  "/packages/my-lib-b/.qdk/tree.txt": "·
└── TsProject(@repo/my-lib-b)
    ├── JsonFile(.qdk/meta.json)
    ├── PnpmPackageManager(^9.12.0)
    ├── PackageJson
    │   └── JsonFile(package.json)
    └── Typescript(^5.6.2)
        └── TsConfig
            └── TsConfigJsonFile(tsconfig.json)",
  "/packages/my-lib-b/package.json": "{
  "name": "@repo/my-lib-b",
  "version": "0.1.0",
  "private": true,
  "license": "MIT",
  "author": {
    "name": "Gabriel Moreira"
  },
  "type": "module",
  "scripts": {
    "typescript": "tsc",
    "typescript:check": "tsc -p tsconfig.json --noEmit",
    "typescript:explain": "tsc -p tsconfig.json --noEmit --explainFiles > explainTypes.txt"
  },
  "dependencies": {
    "@repo/my-lib-a": "workspace:*",
    "@repo/tsconfig": "workspace:*"
  },
  "devDependencies": {
    "typescript": "^5.6.2"
  },
  "engine": {
    "pnpm": "^9.12.0"
  },
  "readme": "ERROR: No README data found!",
  "_id": "@repo/my-lib-b@0.1.0"
}
",
  "/packages/my-lib-b/tsconfig.json": "{
  "extends": ["@repo/tsconfig/node.json"]
}
",
  "/packages/my-lib-c/.qdk/meta.json": "{
  "project": "@repo/my-lib-c",
  "custom": {},
  "files": [
    "./.qdk/meta.json",
    "./.qdk/tree.txt",
    "./package.json",
    "./tsconfig.json"
  ],
  "subprojects": []
}
",
  "/packages/my-lib-c/.qdk/tree.txt": "·
└── TsProject(@repo/my-lib-c)
    ├── JsonFile(.qdk/meta.json)
    ├── PnpmPackageManager(^9.12.0)
    ├── PackageJson
    │   └── JsonFile(package.json)
    └── Typescript(^5.6.2)
        └── TsConfig
            └── TsConfigJsonFile(tsconfig.json)",
  "/packages/my-lib-c/package.json": "{
  "name": "@repo/my-lib-c",
  "version": "0.1.0",
  "private": true,
  "license": "MIT",
  "author": {
    "name": "Gabriel Moreira"
  },
  "type": "module",
  "scripts": {
    "clean": "rimraf dist",
    "typescript": "tsc",
    "typescript:check": "tsc -p tsconfig.json --noEmit",
    "typescript:explain": "tsc -p tsconfig.json --noEmit --explainFiles > explainTypes.txt"
  },
  "dependencies": {
    "@repo/my-lib-b": "workspace:*",
    "@repo/tsconfig": "workspace:*",
    "lodash": "^4.17.21",
    "moment": "9.9.9-mock-latest"
  },
  "devDependencies": {
    "rimraf": "^6.0.1",
    "typescript": "^5.6.2"
  },
  "engine": {
    "pnpm": "^9.12.0"
  },
  "readme": "ERROR: No README data found!",
  "_id": "@repo/my-lib-c@0.1.0"
}
",
  "/packages/my-lib-c/tsconfig.json": "{
  "extends": ["@repo/tsconfig/node.json"]
}
",
  "/pnpm-workspace.yaml": "packages:
  - apps/my-app
  - apps/some-other-app
  - packages/my-lib-a
  - packages/my-lib-b
  - packages/my-lib-c
  - shared/tsconfig
",
  "/shared/tsconfig/.qdk/meta.json": "{
  "project": "@repo/tsconfig",
  "custom": {},
  "files": [
    "./.qdk/meta.json",
    "./.qdk/tree.txt",
    "./node.json",
    "./package.json",
    "./react-native.json"
  ],
  "subprojects": []
}
",
  "/shared/tsconfig/.qdk/tree.txt": "·
└── NodeProject(@repo/tsconfig)
    ├── JsonFile(.qdk/meta.json)
    ├── PnpmPackageManager(^9.12.0)
    ├── PackageJson
    │   └── JsonFile(package.json)
    ├── TsConfig
    │   └── TsConfigJsonFile(node.json)
    └── TsConfig
        └── TsConfigJsonFile(react-native.json)",
  "/shared/tsconfig/node.json": "{
  "extends": ["@tsconfig/node20"]
}
",
  "/shared/tsconfig/package.json": "{
  "name": "@repo/tsconfig",
  "version": "0.1.0",
  "private": true,
  "license": "MIT",
  "author": {
    "name": "Gabriel Moreira"
  },
  "type": "module",
  "scripts": {},
  "devDependencies": {
    "@tsconfig/node20": "^20.1.4",
    "@tsconfig/react-native": "9.9.9-mock-latest"
  },
  "engine": {
    "pnpm": "^9.12.0"
  },
  "readme": "ERROR: No README data found!",
  "_id": "@repo/tsconfig@0.1.0"
}
",
  "/shared/tsconfig/react-native.json": "{
  "extends": ["@tsconfig/react-native"]
}
",
}
`;

exports[`monorepo template > synthetize a monorepo template and delete orphan files 1`] = `
"/
├─ .gitignore
├─ .mise.toml
├─ .npmrc
├─ .qdk/
│  ├─ meta.json
│  └─ tree.txt
├─ apps/
│  ├─ my-app/
│  │  ├─ .qdk/
│  │  │  ├─ meta.json
│  │  │  └─ tree.txt
│  │  ├─ android/
│  │  │  ├─ app/
│  │  │  │  └─ build.gradle
│  │  │  └─ settings.gradle
│  │  ├─ metro.config.js
│  │  └─ package.json
│  └─ some-other-app/
│     ├─ .qdk/
│     │  ├─ meta.json
│     │  └─ tree.txt
│     ├─ android/
│     │  ├─ app/
│     │  │  └─ build.gradle
│     │  └─ settings.gradle
│     ├─ metro.config.js
│     └─ package.json
├─ package.json
├─ packages/
│  ├─ my-lib-a/
│  │  ├─ .qdk/
│  │  │  ├─ meta.json
│  │  │  └─ tree.txt
│  │  └─ package.json
│  ├─ my-lib-b/
│  │  ├─ .qdk/
│  │  │  ├─ meta.json
│  │  │  └─ tree.txt
│  │  ├─ package.json
│  │  └─ tsconfig.json
│  └─ my-lib-c/
│     ├─ .qdk/
│     │  ├─ meta.json
│     │  └─ tree.txt
│     ├─ package.json
│     └─ tsconfig.json
├─ pnpm-workspace.yaml
└─ shared/
   └─ tsconfig/
      ├─ .qdk/
      │  ├─ meta.json
      │  └─ tree.txt
      ├─ node.json
      ├─ package.json
      └─ react-native.json"
`;

exports[`monorepo template > synthetize a monorepo template and delete orphan files 2`] = `
{
  "/.gitignore": "
### Node ###
# Logs
logs
*.log
npm-debug.log*
yarn-debug.log*
yarn-error.log*
lerna-debug.log*
.pnpm-debug.log*

# Diagnostic reports (https://nodejs.org/api/report.html)
report.[0-9]*.[0-9]*.[0-9]*.[0-9]*.json

# Runtime data
pids
*.pid
*.seed
*.pid.lock

# Directory for instrumented libs generated by jscoverage/JSCover
lib-cov

# Coverage directory used by tools like istanbul
coverage
*.lcov

# nyc test coverage
.nyc_output

# node-waf configuration
.lock-wscript

# Compiled binary addons (https://nodejs.org/api/addons.html)
build/Release

# Dependency directories
node_modules/
jspm_packages/

# Snowpack dependency directory (https://snowpack.dev/)
web_modules/

# TypeScript cache
*.tsbuildinfo

# Optional npm cache directory
.npm

# Optional eslint cache
.eslintcache

# Optional stylelint cache
.stylelintcache

# Microbundle cache
.rpt2_cache/
.rts2_cache_cjs/
.rts2_cache_es/
.rts2_cache_umd/

# Optional REPL history
.node_repl_history

# Output of 'npm pack'
*.tgz

# Yarn Integrity file
.yarn-integrity

# dotenv environment variable files
.env
.env.development.local
.env.test.local
.env.production.local
.env.local

# parcel-bundler cache (https://parceljs.org/)
.cache
.parcel-cache

# Next.js build output
.next
out

# Nuxt.js build / generate output
.nuxt
dist

# Gatsby files
.cache/
# Comment in the public line in if your project uses Gatsby and not Next.js
# https://nextjs.org/blog/next-9-1#public-directory-support
# public

# vuepress build output
.vuepress/dist

# vuepress v2.x temp and cache directory
.temp

# Docusaurus cache and generated files
.docusaurus

# Serverless directories
.serverless/

# FuseBox cache
.fusebox/

# DynamoDB Local files
.dynamodb/

# TernJS port file
.tern-port

# Stores VSCode versions used for testing VSCode extensions
.vscode-test

# yarn v2
.yarn/cache
.yarn/unplugged
.yarn/build-state.yml
.yarn/install-state.gz
.pnp.*

### Node Patch ###
# Serverless Webpack directories
.webpack/

# Optional stylelint cache

# SvelteKit build / generate output
.svelte-kit
",
  "/.mise.toml": "[tools]
java = "zulu-17"
node = "20.18.0"",
  "/.npmrc": "node-linker=hoisted
",
  "/.qdk/meta.json": "{
  "project": "@repo/root",
  "custom": {},
  "files": [
    "./.gitignore",
    "./.mise.toml",
    "./.npmrc",
    "./.qdk/meta.json",
    "./.qdk/tree.txt",
    "./package.json",
    "./pnpm-workspace.yaml"
  ],
  "subprojects": [
    "apps/my-app",
    "apps/some-other-app",
    "packages/my-lib-a",
    "packages/my-lib-b",
    "packages/my-lib-c",
    "shared/tsconfig"
  ]
}
",
  "/.qdk/tree.txt": "·
└── MonorepoProject(@repo/root)
    ├── Gitignore
    │   └── TextFile(.gitignore)
    ├── JsonFile(.qdk/meta.json)
    ├── PnpmPackageManager(^9.12.0)
    │   └── PnpmWorkspace
    │       └── YamlFile(pnpm-workspace.yaml)
    ├── PackageJson
    │   └── JsonFile(package.json)
    ├── IniFile(.npmrc)
    ├── TomlFile(.mise.toml)
    ├── ReactNativeAppProject(@repo/my-app)
    │   ├── JsonFile(.qdk/meta.json)
    │   ├── PnpmPackageManager(^9.12.0)
    │   ├── PackageJson
    │   │   └── JsonFile(package.json)
    │   └── TextFile(.qdk/tree.txt)
    ├── ReactNativeAppProject(@repo/some-other-app)
    │   ├── JsonFile(.qdk/meta.json)
    │   ├── PnpmPackageManager(^9.12.0)
    │   ├── PackageJson
    │   │   └── JsonFile(package.json)
    │   └── TextFile(.qdk/tree.txt)
    ├── NodeProject(@repo/my-lib-a)
    │   ├── JsonFile(.qdk/meta.json)
    │   ├── PnpmPackageManager(^9.12.0)
    │   ├── PackageJson
    │   │   └── JsonFile(package.json)
    │   └── TextFile(.qdk/tree.txt)
    ├── TsProject(@repo/my-lib-b)
    │   ├── JsonFile(.qdk/meta.json)
    │   ├── PnpmPackageManager(^9.12.0)
    │   ├── PackageJson
    │   │   └── JsonFile(package.json)
    │   ├── Typescript(^5.6.2)
    │   │   └── TsConfig
    │   │       └── TsConfigJsonFile(tsconfig.json)
    │   └── TextFile(.qdk/tree.txt)
    ├── TsProject(@repo/my-lib-c)
    │   ├── JsonFile(.qdk/meta.json)
    │   ├── PnpmPackageManager(^9.12.0)
    │   ├── PackageJson
    │   │   └── JsonFile(package.json)
    │   ├── Typescript(^5.6.2)
    │   │   └── TsConfig
    │   │       └── TsConfigJsonFile(tsconfig.json)
    │   └── TextFile(.qdk/tree.txt)
    └── NodeProject(@repo/tsconfig)
        ├── JsonFile(.qdk/meta.json)
        ├── PnpmPackageManager(^9.12.0)
        ├── PackageJson
        │   └── JsonFile(package.json)
        ├── TsConfig
        │   └── TsConfigJsonFile(node.json)
        ├── TsConfig
        │   └── TsConfigJsonFile(react-native.json)
        └── TextFile(.qdk/tree.txt)",
  "/apps/my-app/.qdk/meta.json": "{
  "project": "@repo/my-app",
  "custom": {},
  "files": ["./.qdk/meta.json", "./.qdk/tree.txt", "./package.json"],
  "subprojects": []
}
",
  "/apps/my-app/.qdk/tree.txt": "·
└── ReactNativeAppProject(@repo/my-app)
    ├── JsonFile(.qdk/meta.json)
    ├── PnpmPackageManager(^9.12.0)
    └── PackageJson
        └── JsonFile(package.json)",
  "/apps/my-app/android/app/build.gradle": "react {
    /* Folders */
    //   The root of your project, i.e. where "package.json" lives. Default is '../..'
    // root = file("../../")
    //   The folder where the react-native NPM package is. Default is ../../node_modules/react-native
    reactNativeDir = file("../../../../node_modules/react-native")
    //   The folder where the react-native Codegen package is. Default is ../../node_modules/@react-native/codegen
    codegenDir = file("../../../../node_modules/@react-native/codegen")
    //   The cli.js file which is the React Native CLI entrypoint. Default is ../../node_modules/react-native/cli.js
    cliFile = file("../../../../node_modules/react-native/cli.js")
}",
  "/apps/my-app/android/settings.gradle": "pluginManagement { includeBuild("../../../node_modules/@react-native/gradle-plugin") }
plugins { id("com.facebook.react.settings") }
extensions.configure(com.facebook.react.ReactSettingsExtension){ ex -> ex.autolinkLibrariesFromCommand() }
rootProject.name = 'com.example.app'
include ':app'
includeBuild('../../../node_modules/@react-native/gradle-plugin')",
  "/apps/my-app/metro.config.js": "const {getDefaultConfig} = require('@react-native/metro-config');
      const path = require('node:path');
      
      // Find the project and workspace directories
      const projectRoot = __dirname;
      const monorepoRoot = path.resolve(projectRoot, '../..');
      
      const config = getDefaultConfig(projectRoot);
      
      // 1. Watch all files within the monorepo
      config.watchFolders = [monorepoRoot];
      // 2. Let Metro know where to resolve packages and in what order
      config.resolver.nodeModulesPaths = [
        path.resolve(projectRoot, 'node_modules'),
        path.resolve(monorepoRoot, 'node_modules'),
      ];
      
      module.exports = config;",
  "/apps/my-app/package.json": "{
  "name": "@repo/my-app",
  "version": "0.1.0",
  "private": true,
  "license": "MIT",
  "author": {
    "name": "Gabriel Moreira"
  },
  "type": "commonjs",
  "scripts": {
    "android": "react-native run-android",
    "ios": "react-native run-ios",
    "lint": "eslint .",
    "start": "react-native start",
    "test": "jest"
  },
  "dependencies": {
    "react": "18.3.1",
    "react-native": "0.75.4"
  },
  "devDependencies": {
    "@babel/core": "^7.20.0",
    "@babel/preset-env": "^7.20.0",
    "@babel/runtime": "^7.20.0",
    "@react-native/babel-preset": "0.75.4",
    "@react-native/eslint-config": "0.75.4",
    "@react-native/metro-config": "0.75.4",
    "@react-native/typescript-config": "0.75.4",
    "@types/react": "^18.2.6",
    "@types/react-test-renderer": "^18.0.0",
    "babel-jest": "^29.6.3",
    "eslint": "^8.19.0",
    "jest": "^29.6.3",
    "prettier": "2.8.8",
    "react-test-renderer": "18.3.1",
    "typescript": "5.0.4"
  },
  "engine": {
    "pnpm": "^9.12.0"
  },
  "readme": "ERROR: No README data found!",
  "_id": "@repo/my-app@0.1.0"
}
",
  "/apps/some-other-app/.qdk/meta.json": "{
  "project": "@repo/some-other-app",
  "custom": {},
  "files": ["./.qdk/meta.json", "./.qdk/tree.txt", "./package.json"],
  "subprojects": []
}
",
  "/apps/some-other-app/.qdk/tree.txt": "·
└── ReactNativeAppProject(@repo/some-other-app)
    ├── JsonFile(.qdk/meta.json)
    ├── PnpmPackageManager(^9.12.0)
    └── PackageJson
        └── JsonFile(package.json)",
  "/apps/some-other-app/android/app/build.gradle": "react {
    /* Folders */
    //   The root of your project, i.e. where "package.json" lives. Default is '../..'
    // root = file("../../")
    //   The folder where the react-native NPM package is. Default is ../../node_modules/react-native
    reactNativeDir = file("../../../../node_modules/react-native")
    //   The folder where the react-native Codegen package is. Default is ../../node_modules/@react-native/codegen
    codegenDir = file("../../../../node_modules/@react-native/codegen")
    //   The cli.js file which is the React Native CLI entrypoint. Default is ../../node_modules/react-native/cli.js
    cliFile = file("../../../../node_modules/react-native/cli.js")
}",
  "/apps/some-other-app/android/settings.gradle": "pluginManagement { includeBuild("../../../node_modules/@react-native/gradle-plugin") }
plugins { id("com.facebook.react.settings") }
extensions.configure(com.facebook.react.ReactSettingsExtension){ ex -> ex.autolinkLibrariesFromCommand() }
rootProject.name = 'com.example.app'
include ':app'
includeBuild('../../../node_modules/@react-native/gradle-plugin')",
  "/apps/some-other-app/metro.config.js": "const {getDefaultConfig} = require('@react-native/metro-config');
      const path = require('node:path');
      
      // Find the project and workspace directories
      const projectRoot = __dirname;
      const monorepoRoot = path.resolve(projectRoot, '../..');
      
      const config = getDefaultConfig(projectRoot);
      
      // 1. Watch all files within the monorepo
      config.watchFolders = [monorepoRoot];
      // 2. Let Metro know where to resolve packages and in what order
      config.resolver.nodeModulesPaths = [
        path.resolve(projectRoot, 'node_modules'),
        path.resolve(monorepoRoot, 'node_modules'),
      ];
      
      module.exports = config;",
  "/apps/some-other-app/package.json": "{
  "name": "@repo/some-other-app",
  "version": "0.1.0",
  "private": true,
  "license": "MIT",
  "author": {
    "name": "Gabriel Moreira"
  },
  "type": "commonjs",
  "scripts": {
    "android": "react-native run-android",
    "ios": "react-native run-ios",
    "lint": "eslint .",
    "start": "react-native start",
    "test": "jest"
  },
  "dependencies": {
    "react": "18.3.1",
    "react-native": "0.75.4"
  },
  "devDependencies": {
    "@babel/core": "^7.20.0",
    "@babel/preset-env": "^7.20.0",
    "@babel/runtime": "^7.20.0",
    "@react-native/babel-preset": "0.75.4",
    "@react-native/eslint-config": "0.75.4",
    "@react-native/metro-config": "0.75.4",
    "@react-native/typescript-config": "0.75.4",
    "@types/react": "^18.2.6",
    "@types/react-test-renderer": "^18.0.0",
    "babel-jest": "^29.6.3",
    "eslint": "^8.19.0",
    "jest": "^29.6.3",
    "prettier": "2.8.8",
    "react-test-renderer": "18.3.1",
    "typescript": "5.0.4"
  },
  "engine": {
    "pnpm": "^9.12.0"
  },
  "readme": "ERROR: No README data found!",
  "_id": "@repo/some-other-app@0.1.0"
}
",
  "/package.json": "{
  "name": "@repo/root",
  "version": "0.1.0",
  "private": true,
  "description": "Sample QDK Project",
  "license": "MIT",
  "author": {
    "name": "Gabriel Moreira"
  },
  "type": "module",
  "scripts": {
    "qdk": "qdk synth",
    "qdk:check": "qdk synth --check"
  },
  "devDependencies": {
    "qdk": "9.9.9-mock-latest"
  },
  "engine": {
    "pnpm": "^9.12.0"
  },
  "readme": "ERROR: No README data found!",
  "_id": "@repo/root@0.1.0"
}
",
  "/packages/my-lib-a/.qdk/meta.json": "{
  "project": "@repo/my-lib-a",
  "custom": {},
  "files": ["./.qdk/meta.json", "./.qdk/tree.txt", "./package.json"],
  "subprojects": []
}
",
  "/packages/my-lib-a/.qdk/tree.txt": "·
└── NodeProject(@repo/my-lib-a)
    ├── JsonFile(.qdk/meta.json)
    ├── PnpmPackageManager(^9.12.0)
    └── PackageJson
        └── JsonFile(package.json)",
  "/packages/my-lib-a/package.json": "{
  "name": "@repo/my-lib-a",
  "version": "0.1.0",
  "private": true,
  "license": "MIT",
  "author": {
    "name": "Gabriel Moreira"
  },
  "type": "module",
  "scripts": {},
  "engine": {
    "pnpm": "^9.12.0"
  },
  "readme": "ERROR: No README data found!",
  "_id": "@repo/my-lib-a@0.1.0"
}
",
  "/packages/my-lib-b/.qdk/meta.json": "{
  "project": "@repo/my-lib-b",
  "custom": {},
  "files": [
    "./.qdk/meta.json",
    "./.qdk/tree.txt",
    "./package.json",
    "./tsconfig.json"
  ],
  "subprojects": []
}
",
  "/packages/my-lib-b/.qdk/tree.txt": "·
└── TsProject(@repo/my-lib-b)
    ├── JsonFile(.qdk/meta.json)
    ├── PnpmPackageManager(^9.12.0)
    ├── PackageJson
    │   └── JsonFile(package.json)
    └── Typescript(^5.6.2)
        └── TsConfig
            └── TsConfigJsonFile(tsconfig.json)",
  "/packages/my-lib-b/package.json": "{
  "name": "@repo/my-lib-b",
  "version": "0.1.0",
  "private": true,
  "license": "MIT",
  "author": {
    "name": "Gabriel Moreira"
  },
  "type": "module",
  "scripts": {
    "typescript": "tsc",
    "typescript:check": "tsc -p tsconfig.json --noEmit",
    "typescript:explain": "tsc -p tsconfig.json --noEmit --explainFiles > explainTypes.txt"
  },
  "dependencies": {
    "@repo/my-lib-a": "workspace:*",
    "@repo/tsconfig": "workspace:*"
  },
  "devDependencies": {
    "typescript": "^5.6.2"
  },
  "engine": {
    "pnpm": "^9.12.0"
  },
  "readme": "ERROR: No README data found!",
  "_id": "@repo/my-lib-b@0.1.0"
}
",
  "/packages/my-lib-b/tsconfig.json": "{
  "extends": ["@repo/tsconfig/node.json"]
}
",
  "/packages/my-lib-c/.qdk/meta.json": "{
  "project": "@repo/my-lib-c",
  "custom": {},
  "files": [
    "./.qdk/meta.json",
    "./.qdk/tree.txt",
    "./package.json",
    "./tsconfig.json"
  ],
  "subprojects": []
}
",
  "/packages/my-lib-c/.qdk/tree.txt": "·
└── TsProject(@repo/my-lib-c)
    ├── JsonFile(.qdk/meta.json)
    ├── PnpmPackageManager(^9.12.0)
    ├── PackageJson
    │   └── JsonFile(package.json)
    └── Typescript(^5.6.2)
        └── TsConfig
            └── TsConfigJsonFile(tsconfig.json)",
  "/packages/my-lib-c/package.json": "{
  "name": "@repo/my-lib-c",
  "version": "0.1.0",
  "private": true,
  "license": "MIT",
  "author": {
    "name": "Gabriel Moreira"
  },
  "type": "module",
  "scripts": {
    "clean": "rimraf dist",
    "typescript": "tsc",
    "typescript:check": "tsc -p tsconfig.json --noEmit",
    "typescript:explain": "tsc -p tsconfig.json --noEmit --explainFiles > explainTypes.txt"
  },
  "dependencies": {
    "@repo/my-lib-b": "workspace:*",
    "@repo/tsconfig": "workspace:*",
    "lodash": "^4.17.21",
    "moment": "9.9.9-mock-latest"
  },
  "devDependencies": {
    "rimraf": "^6.0.1",
    "typescript": "^5.6.2"
  },
  "engine": {
    "pnpm": "^9.12.0"
  },
  "readme": "ERROR: No README data found!",
  "_id": "@repo/my-lib-c@0.1.0"
}
",
  "/packages/my-lib-c/tsconfig.json": "{
  "extends": ["@repo/tsconfig/node.json"]
}
",
  "/pnpm-workspace.yaml": "packages:
  - apps/my-app
  - apps/some-other-app
  - packages/my-lib-a
  - packages/my-lib-b
  - packages/my-lib-c
  - shared/tsconfig
",
  "/shared/tsconfig/.qdk/meta.json": "{
  "project": "@repo/tsconfig",
  "custom": {},
  "files": [
    "./.qdk/meta.json",
    "./.qdk/tree.txt",
    "./node.json",
    "./package.json",
    "./react-native.json"
  ],
  "subprojects": []
}
",
  "/shared/tsconfig/.qdk/tree.txt": "·
└── NodeProject(@repo/tsconfig)
    ├── JsonFile(.qdk/meta.json)
    ├── PnpmPackageManager(^9.12.0)
    ├── PackageJson
    │   └── JsonFile(package.json)
    ├── TsConfig
    │   └── TsConfigJsonFile(node.json)
    └── TsConfig
        └── TsConfigJsonFile(react-native.json)",
  "/shared/tsconfig/node.json": "{
  "extends": ["@tsconfig/node20"]
}
",
  "/shared/tsconfig/package.json": "{
  "name": "@repo/tsconfig",
  "version": "0.1.0",
  "private": true,
  "license": "MIT",
  "author": {
    "name": "Gabriel Moreira"
  },
  "type": "module",
  "scripts": {},
  "devDependencies": {
    "@tsconfig/node20": "^20.1.4",
    "@tsconfig/react-native": "9.9.9-mock-latest"
  },
  "engine": {
    "pnpm": "^9.12.0"
  },
  "readme": "ERROR: No README data found!",
  "_id": "@repo/tsconfig@0.1.0"
}
",
  "/shared/tsconfig/react-native.json": "{
  "extends": ["@tsconfig/react-native"]
}
",
}
`;
